
> distributed-database-system@1.0.0 test
> tap test/integration/failure-scenarios.integration.test.js

TAP version 14
1..1
# Subtest: test/integration/failure-scenarios.integration.test.js
    # Subtest: Failure scenario integration tests
        # Subtest: Req 15.1 - node failure detection marks replicas unavailable
            ok 1 - bootstrap should succeed
            ok 2 - should have system table cache
            ok 3 - should have CDC integration service
            ok 4 - cache should be updated with failing node
    {"level":50,"time":"2026-02-17T17:33:03.798Z","nodeId":"test-node","pid":2406299,"subsystem":"failure-detector","nodeId":"test-node","lastHeartbeat":"2026-02-17T17:32:43.502Z","threshold":15000,"msg":"Node failure detected"}
            ok 5 - should emit failure event
            ok 6 - should identify the correct failing node
            ok 7 - replicas should be marked as failed via CDC
            ok 8 - node should be marked as failed
            1..8
        ok 1 - Req 15.1 - node failure detection marks replicas unavailable # time=1852.686ms
        
        # Subtest: Req 15.2 - rebalancer creates replacement replicas
            ok 1 - bootstrap should succeed
            ok 2 - should have system table cache
            ok 3 - should have CDC integration service
            ok 4 - should have table policy service
            ok 5 - should have a stable partition for rebalancing
            ok 6 - replica operations should settle before rebalance
            ok 7 - rebalance should succeed
            ok 8 - should generate moves to handle failed replica
            1..8
        ok 2 - Req 15.2 - rebalancer creates replacement replicas # time=1517.674ms
        
        # Subtest: Req 15.3 - Raft maintains consistency during partition
            ok 1 - insert should succeed
            ok 2 - should find data
            ok 3 - data should be consistent
            ok 4 - leader maintains role with quorum
            1..4
        ok 3 - Req 15.3 - Raft maintains consistency during partition # time=2.907ms
        
        # Subtest: Req 15.4 - recovered node triggers rebalancing
            ok 1 - bootstrap should succeed
            ok 2 - should have system table cache
            ok 3 - should have CDC integration service
            ok 4 - cache should be updated with recovering node
            ok 5 - should detect node recovery
            ok 6 - should identify recovered node
            ok 7 - should update node status to recovering via CDC
            1..7
        ok 4 - Req 15.4 - recovered node triggers rebalancing # time=1530.374ms
        
        # Subtest: Req 15.5 - data available with majority replicas
            ok 1 - write should succeed with majority
            ok 2 - read should succeed
            ok 3 - data should be correct
            ok 4 - update should succeed with majority
            ok 5 - update should be visible
            1..5
        ok 5 - Req 15.5 - data available with majority replicas # time=1.399ms
        
        # Subtest: failure detector - suspicion before failure
            ok 1 - bootstrap should succeed
            ok 2 - cache should be updated with suspected node
            ok 3 - should emit suspected event
            ok 4 - should not emit failure yet
            1..4
        ok 6 - failure detector - suspicion before failure # time=1484.204ms
        
        # Subtest: failure detector - flapping detection increases threshold
            ok 1 - bootstrap should succeed
    {"level":50,"time":"2026-02-17T17:33:09.817Z","nodeId":"test-node","pid":2406299,"subsystem":"failure-detector","nodeId":"test-node","failureCount":3,"window":30000,"action":"Increasing failure threshold adaptively","msg":"Node flapping detected"}
            ok 2 - threshold should increase after flapping
    {"level":50,"time":"2026-02-17T17:33:09.933Z","nodeId":"test-node","pid":2406299,"subsystem":"query-executor","partitionId":"nodes-p1","address":"550e8400-e29b-41d4-a716-446655440011/partition/nodes-p1-r1","error":"Connection to node 550e8400-e29b-41d4-a716-446655440011 closed","nodeId":"test-node","msg":"Query routing failed"}
    {"level":50,"time":"2026-02-17T17:33:09.934Z","nodeId":"test-node","pid":2406299,"subsystem":"cdc-integration","tableName":"nodes","id":"550e8400-e29b-41d4-a716-446655440011","error":"Distributed operation failed due to participant failures","nodeId":"test-node","msg":"Failed to update system table row"}
    {"level":50,"time":"2026-02-17T17:33:09.934Z","nodeId":"test-node","pid":2406299,"subsystem":"latency-group-manager","nodeId":"test-node","trigger":"initial","error":"Distributed operation failed due to participant failures","msg":"Latency assignment cycle failed"}
            1..2
        ok 7 - failure detector - flapping detection increases threshold # time=1338.831ms
        
        # Subtest: failure detector - stats reporting
            ok 1 - bootstrap should succeed
            ok 2 - should report node ID
            ok 3 - should report check interval
            ok 4 - should report failure threshold
            ok 5 - should report initialized
            ok 6 - should report not running (not started)
    {"level":50,"time":"2026-02-17T17:33:11.446Z","nodeId":"test-node","pid":2406299,"subsystem":"query-executor","partitionId":"nodes-p1","address":"550e8400-e29b-41d4-a716-446655440012/partition/nodes-p1-r1","error":"Connection to node 550e8400-e29b-41d4-a716-446655440012 closed","nodeId":"test-node","msg":"Query routing failed"}
    {"level":50,"time":"2026-02-17T17:33:11.446Z","nodeId":"test-node","pid":2406299,"subsystem":"cdc-integration","tableName":"nodes","id":"550e8400-e29b-41d4-a716-446655440012","error":"Distributed operation failed due to participant failures","nodeId":"test-node","msg":"Failed to update system table row"}
    {"level":50,"time":"2026-02-17T17:33:11.446Z","nodeId":"test-node","pid":2406299,"subsystem":"latency-group-manager","nodeId":"test-node","trigger":"initial","error":"Distributed operation failed due to participant failures","msg":"Latency assignment cycle failed"}
            1..6
        ok 8 - failure detector - stats reporting # time=1476.787ms
        
        # Subtest: Req 14.1-14.5 - complete failure and recovery cycle
            ok 1 - should suspect node-2
    {"level":50,"time":"2026-02-17T17:33:11.482Z","nodeId":"test-node","pid":2406299,"subsystem":"failure-detector","nodeId":"test-node","lastHeartbeat":"2026-02-17T17:32:51.481Z","threshold":15000,"msg":"Node failure detected"}
            ok 2 - should detect node-2 failure
            ok 3 - should mark replicas as failed via CDC
            ok 4 - should detect node-2 recovery
            ok 5 - should have multiple status updates
            1..5
        ok 9 - Req 14.1-14.5 - complete failure and recovery cycle # time=1.058ms
        
        # Subtest: network partition - minority partition cannot write
            ok 1 - write should be rejected on follower
            1..1
        ok 10 - network partition - minority partition cannot write # time=0.959ms
        
        # Subtest: data availability - reads succeed on any replica
            ok 1 - read should succeed on follower
            ok 2 - data should be correct
            1..2
        ok 11 - data availability - reads succeed on any replica # time=1.004ms
        
        # Subtest: multiple node failures - system remains available
            ok 1 - bootstrap should succeed
            ok 2 - cache should be updated with all nodes
    {"level":50,"time":"2026-02-17T17:33:13.185Z","nodeId":"test-node","pid":2406299,"subsystem":"failure-detector","nodeId":"test-node","lastHeartbeat":"2026-02-17T17:32:52.862Z","threshold":15000,"msg":"Node failure detected"}
    {"level":50,"time":"2026-02-17T17:33:13.198Z","nodeId":"test-node","pid":2406299,"subsystem":"failure-detector","nodeId":"test-node","lastHeartbeat":"2026-02-17T17:32:52.862Z","threshold":15000,"msg":"Node failure detected"}
            ok 3 - should detect 2 node failures
            ok 4 - should identify correct failing nodes
            ok 5 - should have 3 healthy replicas (majority)
            1..5
        ok 12 - multiple node failures - system remains available # time=1686.578ms
        
        1..12
    ok 1 - Failure scenario integration tests # time=11254.392ms
    
    1..1
    # { total: 57, pass: 57 }
    # time=11260.462ms
ok 1 - test/integration/failure-scenarios.integration.test.js # time=11260.462ms

---------------------------------------|---------|----------|---------|---------|-------------------
File                                   | % Stmts | % Branch | % Funcs | % Lines | Uncovered Line #s 
---------------------------------------|---------|----------|---------|---------|-------------------
All files                              |    64.8 |    54.87 |   42.85 |    64.8 |                   
 address                               |   68.12 |    42.85 |   29.03 |   68.12 |                   
  address-manager.js                   |   63.59 |    38.46 |   29.62 |   63.59 | ...41-442,452-453 
  constants.js                         |   98.52 |      100 |      25 |   98.52 | 42                
 admin                                 |   61.76 |      100 |      10 |   61.76 |                   
  admin-meta-command-handlers.js       |   53.74 |      100 |       0 |   53.74 | ...79-185,193-212 
  admin-meta-endpoint-builder.js       |   84.81 |      100 |      50 |   84.81 | 62-73             
 bootstrap                             |   80.52 |    56.95 |   66.41 |   80.52 |                   
  bootstrap-constants.js               |     100 |      100 |       0 |     100 |                   
  bootstrap-errors.js                  |   59.37 |      100 |       0 |   59.37 | ...20-135,150-151 
  bootstrap-service.js                 |   74.57 |    56.32 |   71.69 |   74.57 | ...4167,4191-4210 
  pgwire-startup-safety-gate.js        |   74.38 |    28.57 |     100 |   74.38 | ...,89-94,108-117 
  system-table-schemas-constants.js    |   96.52 |    71.42 |   33.33 |   96.52 | ...1329,1336-1338 
  system-table-writer.js               |   84.61 |      100 |      80 |   84.61 | 40-41,44-49       
 bootstrap/shared                      |   80.21 |    33.73 |   83.33 |   80.21 |                   
  cdc-integration-setup.js             |      76 |       30 |   66.66 |      76 | ...94-195,213-214 
  control-plane-setup.js               |    71.7 |       25 |      50 |    71.7 | ...33-137,248-308 
  latency-topology-setup.js            |   98.78 |       80 |     100 |   98.78 | 148-149           
  message-router-setup.js              |   83.44 |    28.57 |      50 |   83.44 | ...12-119,121-132 
  ...ervice-definition-registration.js |   67.21 |    39.13 |     100 |   67.21 | ...43-171,173-175 
  node-storage-budget-setup.js         |   85.02 |       30 |     100 |   85.02 | ...12-115,149-161 
  replica-handler-setup.js             |   91.77 |       25 |     100 |   91.77 | ...3,95-96,98-102 
  runtime-service-handler-setup.js     |   78.57 |       25 |     100 |   78.57 | ...71,73-77,79-83 
 cache                                 |    73.3 |    68.96 |   46.77 |    73.3 |                   
  cache-constants.js                   |   99.54 |      100 |       0 |   99.54 | 39                
  cache-hydration-service.js           |   37.83 |      100 |       0 |   37.83 | ...82-142,151-182 
  leader-readiness-gate.js             |   76.03 |    51.16 |    90.9 |   76.03 | ...83-184,188-192 
  read-only-system-table-cache.js      |   74.26 |       75 |   15.38 |   74.26 | ...27-132,149-166 
  system-cache-key-descriptor.js       |   91.01 |    73.33 |      75 |   91.01 | 33-34,44-45,61-64 
  system-table-cache.js                |   70.49 |    80.76 |   58.33 |   70.49 | ...77-480,491-497 
 cdc                                   |   58.09 |    57.38 |   55.93 |   58.09 |                   
  cdc-event-handler.js                 |   24.96 |       40 |    12.5 |   24.96 | ...19-633,641-646 
  cdc-integration-service.js           |   67.03 |    57.64 |   62.74 |   67.03 | ...1603,1612-1638 
 config                                |   81.37 |    69.64 |   42.85 |   81.37 |                   
  configuration-manager.js             |   80.37 |    85.71 |   66.66 |   80.37 | ...28-229,255-256 
  dynamic-config-service.js            |    49.4 |    51.85 |      25 |    49.4 | ...61-662,668-669 
 constants                             |   99.86 |      100 |   21.42 |   99.86 |                   
  entrypoint.js                        |     100 |      100 |       0 |     100 |                   
  transport.js                         |   99.37 |      100 |      25 |   99.37 | 199-200           
 control-plane                         |   68.23 |    46.32 |      50 |   68.23 |                   
  endpoint-service.js                  |   61.11 |    44.44 |   42.85 |   61.11 | ...51-159,176-177 
  heartbeat-service.js                 |   76.55 |    34.42 |   71.42 |   76.55 | ...70-471,478-479 
  lease-service.js                     |   63.02 |    41.66 |   66.66 |   63.02 | ...22-181,188-189 
  replica-dispatch-service.js          |   52.83 |    57.14 |   37.03 |   52.83 | ...24-725,772-773 
 debug                                 |   56.56 |      100 |       0 |   56.56 |                   
  debug-emitter.js                     |   41.09 |      100 |       0 |   41.09 | ...91-199,205-214 
 hlc                                   |   75.15 |     61.9 |      40 |   75.15 |                   
  hlc-clock-service.js                 |   60.73 |    55.55 |   28.57 |   60.73 | ...51-152,159-160 
  hlc-timestamp.js                     |    86.6 |    63.63 |      50 |    86.6 | ...00-101,108-109 
 logging                               |   78.13 |    62.66 |   56.36 |   78.13 |                   
  logging-constants.js                 |     100 |      100 |       0 |     100 |                   
  logging-service.js                   |   74.26 |    62.16 |   65.95 |   74.26 | ...86-787,791-792 
 message-group                         |   64.64 |    53.04 |   57.14 |   64.64 |                   
  cdc-handler.js                       |   63.93 |    59.37 |      52 |   63.93 | ...83-488,495-507 
  message-group-service.js             |   63.82 |    51.14 |   59.32 |   63.82 | ...1839,1841-1843 
 node                                  |   55.85 |    58.26 |   40.62 |   55.85 |                   
  failure-detector.js                  |   82.82 |    63.51 |   84.61 |   82.82 | ...96-697,704-705 
  node-constants.js                    |   98.75 |      100 |       0 |   98.75 | 114-117           
  node-lifecycle-state-machine.js      |   82.17 |    57.14 |    37.5 |   82.17 | ...83-384,391-393 
  node-readiness-policy.js             |   74.03 |       55 |     100 |   74.03 | ...80,83-86,88-97 
  node-service.js                      |   66.39 |    68.29 |      50 |   66.39 | ...72-674,679-688 
  replica-handler-constants.js         |     100 |      100 |       0 |     100 |                   
  replica-handler.js                   |   28.03 |    33.33 |   18.91 |   28.03 | ...1713,1731-1750 
  replica-state-machine-constants.js   |     100 |      100 |       0 |     100 |                   
  replica-state-machine.js             |   54.51 |     61.9 |      40 |   54.51 | ...39-881,895-922 
  runtime-service-handler-constants.js |     100 |      100 |       0 |     100 |                   
  runtime-service-handler.js           |   28.57 |    30.76 |      20 |   28.57 | ...53-656,662-669 
 partition                             |   63.62 |    57.66 |   40.68 |   63.62 |                   
  partition-constants.js               |   98.58 |      100 |       0 |   98.58 | 89,127,147        
  partition-service-constants.js       |     100 |      100 |       0 |     100 |                   
  partition-service.js                 |   59.59 |    58.14 |   55.44 |   59.59 | ...3942,3944-3946 
  pending-request-tracker.js           |   48.79 |    36.36 |      20 |   48.79 | ...92-296,304-329 
 policy                                |   49.72 |       40 |   22.22 |   49.72 |                   
  policy-constants.js                  |     100 |      100 |       0 |     100 |                   
  table-policy-service.js              |   38.78 |    36.84 |   23.07 |   38.78 | ...26-728,734-737 
 query                                 |   56.93 |    49.67 |   28.89 |   56.93 |                   
  broadcast-primitive.js               |   44.44 |      100 |       0 |   44.44 | ...61-262,270-271 
  budget-enforcer.js                   |   42.85 |      100 |       0 |   42.85 | ...91-392,400-410 
  budget-limit-error.js                |   72.36 |      100 |       0 |   72.36 | 53-73             
  call-iterator.js                     |   36.11 |      100 |       0 |   36.11 | 25-70             
  call-plan.js                         |   48.28 |      100 |       0 |   48.28 | ...13-222,239-253 
  call-stage.js                        |   44.31 |      100 |       0 |   44.31 | ...,83-89,119-165 
  callback-context.js                  |   49.49 |      100 |       0 |   49.49 | 48-97             
  callback-execution-host.js           |   33.95 |      100 |       0 |   33.95 | ...48-667,678-689 
  callback-module-artifact.js          |      50 |      100 |       0 |      50 | 40-57,74-117      
  callback-runtime-driver-registry.js  |   55.55 |      100 |       0 |   55.55 | ...27-228,242-271 
  cancellation-token.js                |   61.47 |      100 |       0 |   61.47 | ...96-102,113-119 
  dedupe-registry.js                   |   72.44 |      100 |       0 |   72.44 | ...79,85-86,94-95 
  distributed-merge-engine.js          |      96 |      100 |      75 |      96 | 46-47             
  distributed-query-planner.js         |   73.06 |       60 |   70.83 |   73.06 | ...30-731,745-757 
  ...ibuted-transaction-coordinator.js |   34.18 |    27.27 |    6.66 |   34.18 | ...19-720,729-732 
  distributed-write-coordinator.js     |   87.57 |    52.63 |   84.61 |   87.57 | ...11-312,317-329 
  exchange-manager.js                  |   60.86 |      100 |       0 |   60.86 | ...72-173,180-181 
  execution-context.js                 |   49.04 |      100 |       0 |   49.04 | ...18-619,626-627 
  lineage-tracker.js                   |   77.02 |      100 |       0 |   77.02 | ...44,56-61,70-71 
  lookup-primitive.js                  |   39.79 |      100 |       0 |   39.79 | ...58-164,196-280 
  nested-call-classifier.js            |    46.1 |      100 |       0 |    46.1 | 69-78,86-165      
  parallel-query-coordinator.js        |   71.41 |    58.57 |   72.41 |   71.41 | ...71-782,816-822 
  partition-callback-dispatcher.js     |   44.84 |       75 |   66.66 |   44.84 | 59-61,75-162      
  partition-resolver.js                |   59.31 |    37.03 |   53.84 |   59.31 | ...57-759,769-773 
  pg-function-registry.js              |   66.17 |      100 |       0 |   66.17 | ...57-160,193-202 
  pg-translate.js                      |   57.78 |      100 |       0 |   57.78 | ...56-158,166-189 
  pg-type-affinity.js                  |   90.47 |      100 |       0 |   90.47 | 37-40             
  query-constants.js                   |     100 |      100 |       0 |     100 |                   
  query-executor.js                    |   51.39 |    50.29 |   39.34 |   51.39 | ...2244,2253-2260 
  result-stream.js                     |   56.37 |      100 |       0 |   56.37 | ...78-180,189-196 
  sql-parser.js                        |   53.97 |    35.71 |   57.14 |   53.97 | ...52,857,859-862 
  sql-query-engine.js                  |   48.67 |    39.32 |   28.35 |   48.67 | ...2098,2107-2113 
  sql-request.js                       |   37.83 |      100 |       0 |   37.83 | 35-80,87-109      
  streaming-aggregator.js              |    39.7 |    54.54 |   27.77 |    39.7 | ...60-468,474-478 
  table-creation-service.js            |   39.82 |    55.55 |   18.75 |   39.82 | ...28-433,446-459 
 raft                                  |   75.14 |    70.09 |   61.11 |   75.14 |                   
  in-memory-log-adapter.js             |   91.53 |    83.33 |   86.66 |   91.53 | ...27-232,254-257 
  raft-timing-utils.js                 |   60.82 |       25 |      50 |   60.82 | 36-41,61-92       
  sqlite-log-adapter.js                |   67.46 |    64.81 |      50 |   67.46 | ...18-725,733-734 
 rebalancer                            |   59.03 |    54.76 |   36.41 |   59.03 |                   
  assignment-epoch-manager.js          |   52.43 |    44.44 |   23.07 |   52.43 | ...82-354,370-402 
  assignment-epoch.js                  |   65.59 |    45.45 |   26.08 |   65.59 | ...73-379,391-397 
  move-planner.js                      |   60.86 |     49.1 |   61.11 |   60.86 | ...1059,1073-1078 
  node-storage-budget-service.js       |   85.89 |    25.92 |     100 |   85.89 | ...09-212,223-228 
  rebalance-coordinator.js             |   36.59 |    57.89 |   11.29 |   36.59 | ...2287,2298-2305 
  replica-status.js                    |   78.79 |      100 |       0 |   78.79 | ...84-286,294-296 
  unified-rebalancer.js                |   65.64 |     62.5 |   57.57 |   65.64 | ...1919,1930-1932 
 runtime                               |   51.45 |    76.92 |   15.94 |   51.45 |                   
  native-js-driver.js                  |   49.62 |      100 |    12.5 |   49.62 | ...43-381,392-396 
  oci-container-driver.js              |   53.93 |      100 |      25 |   53.93 | ...58-286,298-340 
  pgwire-descriptor.js                 |   52.69 |      100 |   33.33 |   52.69 | 97-106,117-220    
  runtime-driver-errors.js             |   55.55 |      100 |       0 |   55.55 | ...59-275,295-310 
  runtime-driver-registry.js           |    85.5 |    57.14 |   42.85 |    85.5 | ...25-126,134-135 
  runtime-driver.js                    |   89.77 |       50 |   16.66 |   89.77 | ...55-156,166-167 
  service-runtime-lifecycle.js         |   41.43 |    66.66 |       5 |   41.43 | ...1033,1043-1083 
  wasm-component-driver.js             |    39.9 |      100 |   16.66 |    39.9 | ...45-379,392-438 
 service                               |   56.82 |    40.84 |   48.35 |   56.82 |                   
  service-descriptor.js                |    86.2 |    18.18 |     100 |    86.2 | ...09-110,130-137 
  service-dispatcher.js                |   34.83 |      100 |       0 |   34.83 | ...90-227,237-307 
  service-lifecycle-errors.js          |   43.26 |    66.66 |   11.11 |   43.26 | ...94-215,226-230 
  service-lifecycle-manager.js         |   46.14 |    42.37 |   48.48 |   46.14 | ...1707,1717-1720 
  service-message-contract.js          |   37.66 |      100 |       0 |   37.66 | 18-53,61-72       
  service-reconciler.js                |   81.26 |    41.46 |   82.14 |   81.26 | ...01-908,921-925 
  service-type-adapter.js              |   66.66 |    66.66 |   16.66 |   66.66 | ...60,68-72,80-84 
 service/adapters                      |   86.66 |    62.06 |      56 |   86.66 |                   
  message-group-service-adapter.js     |   90.43 |    58.33 |   66.66 |   90.43 | ...02-103,111-112 
  partition-service-adapter.js         |   90.43 |    58.33 |   66.66 |   90.43 | ...02-103,111-112 
  runtime-service-adapter.js           |   77.31 |       75 |   28.57 |   77.31 | ...76,84-85,93-94 
 storage                               |   60.59 |      100 |    7.69 |   60.59 |                   
  data-directory-manager.js            |   54.18 |      100 |    7.69 |   54.18 | ...78-179,191-201 
 test-helpers                          |   86.09 |    61.11 |   54.54 |   86.09 |                   
  port-allocator.js                    |   82.85 |     87.5 |      50 |   82.85 | ...23-128,164,172 
  tap.js                               |   88.33 |    33.33 |     100 |   88.33 | 18-19,38-40,45-46 
 threading                             |   63.38 |     62.5 |    42.1 |   63.38 |                   
  service-thread-manager.js            |   55.46 |    60.86 |   53.33 |   55.46 | ...27-328,361-370 
  threading-constants.js               |     100 |      100 |       0 |     100 |                   
 topology                              |   75.24 |    52.99 |   76.28 |   75.24 |                   
  cdc-group-propagation-service.js     |   68.34 |     62.5 |   83.33 |   68.34 | ...37-439,448-454 
  group-selection-service.js           |   76.68 |    48.38 |   83.33 |   76.68 | ...81-291,320-323 
  latency-group-manager.js             |   81.48 |    45.05 |   96.66 |   81.48 | ...34-835,867-872 
  latency-measurement-service.js       |   53.75 |    52.94 |   36.36 |   53.75 | ...45-550,569-570 
  latency-tree-service.js              |   76.72 |    57.14 |   80.95 |   76.72 | ...84,492,495-496 
 transport                             |    69.3 |    59.06 |      52 |    69.3 |                   
  message-router.js                    |   72.18 |    59.35 |   56.06 |   72.18 | ...1838,1845-1846 
  rpc-client.js                        |   48.24 |       50 |   22.22 |   48.24 | ...19-235,248-250 
 utils                                 |   72.89 |       44 |   57.14 |   72.89 |                   
  assert.js                            |   48.93 |    66.66 |      50 |   48.93 | 13-31,43-47       
  base-error.js                        |   66.66 |      100 |       0 |   66.66 | 42-58,65-72       
  ...ica-creation-progress-reporter.js |    80.9 |    38.09 |      70 |    80.9 | ...41,168-175,191 
 wasm-service                          |    73.2 |    51.92 |   33.33 |    73.2 |                   
  operation-lifecycle.js               |   40.46 |      100 |       0 |   40.46 | ...93-217,226-247 
  runtime-descriptor-validator.js      |   68.75 |    27.77 |   57.14 |   68.75 | ...04-210,213-214 
  runtime-legacy-mapping.js            |   76.37 |    66.66 |      75 |   76.37 | ...,89-95,114-115 
  service-endpoint-builder.js          |    93.6 |    66.66 |      50 |    93.6 | 109-116           
  wasm-meta-models.js                  |   40.75 |      100 |       0 |   40.75 | ...60-279,286-304 
  wasm-service-models.js               |   69.06 |    33.33 |   33.33 |   69.06 | ...28-242,249-265 
---------------------------------------|---------|----------|---------|---------|-------------------
# { total: 57, pass: 57 }
# time=12842.321ms
