
> distributed-database-system@1.0.0 pretest
> npm run audit:state-machine-pressure


> distributed-database-system@1.0.0 audit:state-machine-pressure
> node scripts/check-state-machine-pressure-preflight.js

State-machine pressure preflight: pass ready=true static=7 snapshots=0: issues=0

> distributed-database-system@1.0.0 test
> tap test/bootstrap/bootstrap-api.test.js

TAP version 14
1..1
# Subtest: test/bootstrap/bootstrap-api.test.js
    # Subtest: BootstrapAPI - initialization
        ok 1 - should not be initialized before init
        ok 2 - should be initialized after init
        ok 3 - should have fastify instance
        ok 4 - should not be initialized after shutdown
        1..4
    ok 1 - BootstrapAPI - initialization # time=60.89ms
    
    # Subtest: BootstrapAPI - health endpoint
        ok 1 - should return 200
        ok 2 - should return healthy status
        ok 3 - should return seed node ID
        1..3
    ok 2 - BootstrapAPI - health endpoint # time=34.343ms
    
    # Subtest: BootstrapAPI - move-assignment sweep only starts on the lifecycle owner
        ok 1 - joiner-local bootstrap API should not start sweeping seed-owned move assignments
        ok 2 - seed-side bootstrap API should start the move-assignment sweep timer
        1..2
    ok 3 - BootstrapAPI - move-assignment sweep only starts on the lifecycle owner # time=21.652ms
    
    # Subtest: BootstrapAPI - health reports initializing before SQL engine is ready
        ok 1 - should return 200 for liveness even before SQL engine is available
        ok 2 - should report initializing status
        ok 3 - should expose readiness=false before SQL engine is available
        ok 4 - should return 200 after SQL engine is set
        ok 5 - should report healthy status
        ok 6 - should expose readiness=true after SQL engine is set
        1..6
    ok 4 - BootstrapAPI - health reports initializing before SQL engine is ready # time=22.935ms
    
    # Subtest: BootstrapAPI - setSqlQueryEngine propagates to current partition services
        ok 1 - setSqlQueryEngine should fan out to existing partition services
        ok 2 - partition services should receive the exact engine instance
        1..2
    ok 5 - BootstrapAPI - setSqlQueryEngine propagates to current partition services # time=19.408ms
    
    # Subtest: BootstrapAPI - bootstrap control-plane queries use the canonical gateway with shared admission policy
        ok 1 - gateway result should be returned unchanged
        ok 2 - bootstrap queries should execute through the gateway
        ok 3 - bootstrap queries should preserve parameters
        ok 4 - bootstrap gateway queries should identify the bootstrap owner
        ok 5 - bootstrap gateway queries should reserve critical protected capacity
        ok 6 - bootstrap gateway queries should use the shared bootstrap read workload class
        ok 7 - bootstrap gateway queries should still use critical transport delivery
        ok 8 - bootstrap gateway queries should enforce shared pressure admission
        ok 9 - bootstrap gateway queries should defer under pressure instead of failing deep in the stack
        ok 10 - bootstrap gateway writes should not silently degrade
        ok 11 - bootstrap gateway queries should propagate retry hints
        ok 12 - bootstrap gateway queries should use recovery eligibility routing semantics
        1..12
    ok 6 - BootstrapAPI - bootstrap control-plane queries use the canonical gateway with shared admission policy # time=20.303ms
    
    # Subtest: BootstrapAPI - bootstrap control-plane mutations use the canonical gateway with shared admission policy
        ok 1 - gateway mutation result should be returned unchanged
        ok 2 - bootstrap mutations should execute through the gateway
        ok 3 - bootstrap gateway mutations should identify the bootstrap owner
        ok 4 - bootstrap gateway mutations should reserve critical protected capacity
        ok 5 - bootstrap gateway mutations should use the shared bootstrap mutation workload class
        ok 6 - bootstrap gateway mutations should still use critical delivery
        ok 7 - bootstrap gateway mutations should defer under pressure
        ok 8 - bootstrap gateway mutations should not silently degrade
        ok 9 - bootstrap gateway mutations should propagate retry hints
        ok 10 - bootstrap gateway mutations should use recovery eligibility routing semantics
        1..10
    ok 7 - BootstrapAPI - bootstrap control-plane mutations use the canonical gateway with shared admission policy # time=18.083ms
    
    # Subtest: BootstrapAPI - bootstrap control-plane mutations use runtime-owner CDC when present
        ok 1 - runtime-owner CDC should satisfy bootstrap mutation ingress
        ok 2 - default gateway should route mutations through runtime-owner CDC
        1..2
    ok 8 - BootstrapAPI - bootstrap control-plane mutations use runtime-owner CDC when present # time=21.203ms
    
    # Subtest: BootstrapAPI - MOVE_REPLICA handoff insert persists through canonical mutation ingress
        ok 1 - handoff inserts should go through the shared mutation gateway
        1..1
    ok 9 - BootstrapAPI - MOVE_REPLICA handoff insert persists through canonical mutation ingress # time=19.356ms
    
    # Subtest: BootstrapAPI - MOVE_REPLICA handoff update persists through canonical mutation ingress
        ok 1 - handoff updates should go through the shared mutation gateway
        1..1
    ok 10 - BootstrapAPI - MOVE_REPLICA handoff update persists through canonical mutation ingress # time=17.486ms
    
    # Subtest: BootstrapAPI - register-service returns retryable 503 when the control-plane gateway defers
        ok 1 - register-service should surface a retryable response when the control-plane query path defers
        ok 2 - register-service should fail closed under shared-pressure deferral
        ok 3 - register-service should propagate the typed gateway error code
        ok 4 - register-service should expose the retry hint from the gateway
        ok 5 - register-service should preserve the canonical failure message
        ok 6 - register-service should classify deferred services publication separately
        ok 7 - retryable services publication defer should not be mislabeled as assignment validation
        1..7
    ok 11 - BootstrapAPI - register-service returns retryable 503 when the control-plane gateway defers # time=2029.23ms
    
    # Subtest: BootstrapAPI - register-service returns typed retryable 503 while SQL engine is unavailable
        ok 1 - register-service should fail closed while startup SQL runtime is not wired
        ok 2 - register-service should expose a typed retryable startup dependency response
        1..2
    ok 12 - BootstrapAPI - register-service returns typed retryable 503 while SQL engine is unavailable # time=34.835ms
    
    # Subtest: BootstrapAPI - register-service retries deferred services publication before failing outward
        ok 1 - register-service should absorb one retryable services write defer
        ok 2 - register-service should retry the canonical services write once
        ok 3 - retry diagnostics should preserve the gateway retry hint
        1..3
    ok 13 - BootstrapAPI - register-service retries deferred services publication before failing outward # time=22.279ms
    
    # Subtest: BootstrapAPI - register-service falls back to bootstrap-scoped SQL mutation routing when CDC mutation helpers are not ready yet
        ok 1 - register-service should not fail just because the bootstrap seed has not wired CDC mutations yet
        ok 2 - bootstrap register-service should route through the SQL fallback once
        ok 3 - register-service should persist through the canonical services table
        ok 4 - register-service SQL fallback should exclude assignment token metadata
        ok 5 - bootstrap writes should opt into the explicit startup fallback scope
        ok 6 - bootstrap SQL fallback should rely on the later visibility gate instead of inline cache waits
        1..6
    ok 14 - BootstrapAPI - register-service falls back to bootstrap-scoped SQL mutation routing when CDC mutation helpers are not ready yet # time=24.014ms
    
    # Subtest: BootstrapAPI - register-service reuses runtime owner SQL engine when bootstrap wiring has not attached one yet
        ok 1 - register-service should succeed when the runtime owner already exposes the SQL engine
        ok 2 - register-service should continue into canonical mutation ingress once the runtime owner exposes the engine
        ok 3 - runtime owner SQL fallback should preserve the canonical services-table target
        1..3
    ok 15 - BootstrapAPI - register-service reuses runtime owner SQL engine when bootstrap wiring has not attached one yet # time=21.355ms
    
    # Subtest: BootstrapAPI - register-service acknowledges plain self-hosted registration without waiting for cache visibility
        ok 1 - plain self-hosted register-service should return as soon as the durable write succeeds
        ok 2 - plain self-hosted register-service should skip the cache visibility gate
        1..2
    ok 16 - BootstrapAPI - register-service acknowledges plain self-hosted registration without waiting for cache visibility # time=21.397ms
    
    # Subtest: BootstrapAPI - durable rejoin reuses existing message group without assignment reservation sweep
        ok 1 - durable rejoin should reuse its known message group
        ok 2 - durable rejoin should return the existing group assignment
        ok 3 - durable rejoin should preserve the local startup replica IDs
        ok 4 - durable rejoin should bypass move-replica reservation sweep when reuse is known
        not ok 5 - durable rejoin assignment should use bounded published/cache topology rows
          ---
          compare: ===
          at:
            fileName: test/bootstrap/bootstrap-api.test.js
            lineNumber: 1189
            columnNumber: 7
            typeName: Test
          stack: |
            Test.<anonymous> (test/bootstrap/bootstrap-api.test.js:1189:7)
          source: >2
                  'durable rejoin should bypass move-replica reservation sweep when reuse is known',
                );
                t.equal(
            ------^
                  localAuthoritativeReadCount,
                  TEST_DURABLE_REJOIN_LOCAL_READ_COUNT_NONE,
          diff: |
            --- expected
            +++ actual
            @@ -1,1 +1,1 @@
            -0
            +1
          ...
        
        1..5
    not ok 17 - BootstrapAPI - durable rejoin reuses existing message group without assignment reservation sweep # time=29.498ms
      ---
      at:
        fileName: test/bootstrap/bootstrap-api.test.js
        lineNumber: 1081
        columnNumber: 1
        isToplevel: true
      source: >2
          });
      
        test('BootstrapAPI - durable rejoin reuses existing message group without
        assignment reservation sweep',
      
        ^
          async (t) => {
            initializeTestEnvironment();
      ...
    
    # Subtest: BootstrapAPI - handleBootstrapRequest includes seed startup authority
        ok 1 - bootstrap request should succeed
        ok 2 - bootstrap response authority should be resolved for the seed node
        ok 3 - bootstrap response should include the seed startup authority snapshot
        1..3
    ok 18 - BootstrapAPI - handleBootstrapRequest includes seed startup authority # time=24.213ms
    
    # Subtest: BootstrapAPI - keeps legacy /health available while readiness remains blocked
        ok 1 - legacy /health should remain available during readiness migration
        ok 2 - legacy /health should continue reporting bootstrap initialization
        ok 3 - /readyz should still gate join readiness independently of /health
        1..3
    ok 19 - BootstrapAPI - keeps legacy /health available while readiness remains blocked # time=21.717ms
    
    # Subtest: BootstrapAPI - exposes explicit liveness, startup, and readiness probes
        ok 1 - livez should return 200
        ok 2 - livez should expose alive=true
        ok 3 - livez should include node id
        ok 4 - startupz should return 503 before bootstrap completes
        ok 5 - startupz should expose started=false
        ok 6 - startupz should expose lifecycle phase
        ok 7 - startupz should expose readiness state
        ok 8 - readyz should return 503 while not ready
        ok 9 - readyz should expose ready=false
        ok 10 - readyz should expose lifecycle phase
        ok 11 - readyz should expose lifecycle phase rank
        ok 12 - readyz should expose blocker reasons
        ok 13 - readyz should expose retry hint
        ok 14 - readyz should expose readiness epoch
        ok 15 - readyz should expose stable window size
        ok 16 - readyz should expose current stable elapsed time
        ok 17 - bootstrap readiness probe should return 503 while not ready
        ok 18 - bootstrap readiness probe should expose ready=false
        ok 19 - bootstrap readiness probe should expose lifecycle phase
        ok 20 - bootstrap readiness probe should expose lifecycle phase rank
        ok 21 - bootstrap readiness probe should declare bootstrap_join scope
        1..21
    ok 20 - BootstrapAPI - exposes explicit liveness, startup, and readiness probes # time=22.893ms
    
    # Subtest: BootstrapAPI - bootstrap join readiness tolerates isolated leader metadata blockers
        ok 1 - strict readiness should stay blocked on missing leader metadata
        ok 2 - bootstrap join readiness should allow CONTROL_READY leader metadata lag
        ok 3 - bootstrap join readiness should project ready=true for startup gate
        ok 4 - bootstrap join readiness should clear tolerated blocker reasons
        1..4
    ok 21 - BootstrapAPI - bootstrap join readiness tolerates isolated leader metadata blockers # time=23.403ms
    
    # Subtest: BootstrapAPI - bootstrap join readiness tolerates isolated local query transport blockers
        ok 1 - strict readiness should stay blocked on local query transport lag
        ok 2 - bootstrap join readiness should allow CONTROL_READY local query transport lag
        ok 3 - bootstrap join readiness should project ready=true while local query transport wiring catches up
        ok 4 - bootstrap join readiness should clear tolerated local query transport blockers
        1..4
    ok 22 - BootstrapAPI - bootstrap join readiness tolerates isolated local query transport blockers # time=21.714ms
    
    # Subtest: BootstrapAPI - bootstrap join readiness keeps transitional recovery authority open when startup authority is still converging
        ok 1 - strict readiness should remain blocked while recovery is still pending
        ok 2 - bootstrap join readiness should stay open while transitional recovery authority exists
        ok 3 - bootstrap join readiness should project ready=true from transitional recovery authority
        ok 4 - bootstrap join readiness should clear tolerated transitional recovery blockers
        1..4
    ok 23 - BootstrapAPI - bootstrap join readiness keeps transitional recovery authority open when startup authority is still converging # time=21.718ms
    
    # Subtest: BootstrapAPI - bootstrap join readiness uses seed-contact startup authority when local control-plane service is absent
        ok 1 - bootstrap join readiness should open from seed-contact authority
        ok 2 - bootstrap join readiness should project ready=true
        ok 3 - seed-authorized bootstrap INIT should be recovery-ready for restart admission
        ok 4 - bootstrap join readiness should clear tolerated recovery blockers
        ok 5 - bootstrap join projection should record the seed-authorized decision
        1..5
    ok 24 - BootstrapAPI - bootstrap join readiness uses seed-contact startup authority when local control-plane service is absent # time=21.404ms
    
    # Subtest: BootstrapAPI - bootstrap join readiness uses startup-adapter seed-contact authority during retryable join contact
        ok 1 - bootstrap join readiness should open from retryable seed-contact authority
        ok 2 - startup recovery should classify the degraded metadata phase as recovery-ready
        ok 3 - readiness should expose the retained startup authority
        ok 4 - bootstrap join readiness should clear tolerated retryable contact blockers
        1..4
    ok 25 - BootstrapAPI - bootstrap join readiness uses startup-adapter seed-contact authority during retryable join contact # time=21.173ms
    
    # Subtest: BootstrapAPI - bootstrap join readiness uses seed-contact authority during bootstrap INIT runtime wiring
        ok 1 - strict readiness should stay closed while runtime wiring is incomplete
        ok 2 - bootstrap join readiness should open from seed-contact authority during INIT
        ok 3 - startup recovery should classify seed-authorized INIT as recovery-ready
        ok 4 - readiness should expose the retained seed-contact startup authority
        ok 5 - bootstrap join readiness should clear bootstrap-init recovery blockers
        ok 6 - bootstrap join projection should record the authorized INIT decision
        1..6
    ok 26 - BootstrapAPI - bootstrap join readiness uses seed-contact authority during bootstrap INIT runtime wiring # time=25.336ms
    
    # Subtest: BootstrapAPI - bootstrap join readiness surfaces projection blocker
        ok 1 - bootstrap join readiness should remain closed when authority is unavailable
        ok 2 - bootstrap readiness should expose the join projection blocker
        1..2
    ok 27 - BootstrapAPI - bootstrap join readiness surfaces projection blocker # time=20.027ms
    
    # Subtest: BootstrapAPI - readiness probes surface monotonic progress metadata
        ok 1 - bootstrap readiness should expose phase rank
        ok 2 - bootstrap readiness should expose readiness epoch
        ok 3 - bootstrap readiness should expose stable window
        ok 4 - bootstrap readiness should expose stable elapsed time
        ok 5 - bootstrap readiness should expose stable-window origin
        1..5
    ok 28 - BootstrapAPI - readiness probes surface monotonic progress metadata # time=18.907ms
    
    # Subtest: BootstrapAPI - readyz allows isolated message-group leader lag
        ok 1 - message-group leader lag alone should not block traffic readiness
        ok 2 - probe diagnostics should retain non-blocking message-group gaps
        ok 3 - blocking readiness subset should exclude message-group leader gaps
        ok 4 - readyz should stay green when only message-group leaders are lagging
        ok 5 - readyz should project ready=true when partition routing metadata is complete
        ok 6 - readyz should not report message-group lag as a hard blocker
        1..6
    ok 29 - BootstrapAPI - readyz allows isolated message-group leader lag # time=20.991ms
    
    # Subtest: BootstrapAPI - readiness probes surface startup recovery coordinator fields
        ok 1 - should be equal
        ok 2 - should be equal
        ok 3 - should be equal
        ok 4 - should be equal
        ok 5 - should be equal
        ok 6 - should be equal
        1..6
    ok 30 - BootstrapAPI - readiness probes surface startup recovery coordinator fields # time=20.17ms
    
    1..30
not ok 1 - test/bootstrap/bootstrap-api.test.js # time=3451.951ms
  ---
  stdio: inherit
  cwd: /media/peter/4509da27-4751-4dee-b366-f3983d077725/peter/projects/something
  externalID: test/bootstrap/bootstrap-api.test.js
  command: /home/peter/.nvm/versions/node/v22.21.1/bin/node
  args:
    - --import=file:///media/peter/4509da27-4751-4dee-b366-f3983d077725/peter/projects/something/node_modules/@tapjs/typescript/dist/esm/import.mjs
    - --import=file:///media/peter/4509da27-4751-4dee-b366-f3983d077725/peter/projects/something/node_modules/@tapjs/mock/dist/esm/import.mjs
    - --enable-source-maps
    - --import=file:///media/peter/4509da27-4751-4dee-b366-f3983d077725/peter/projects/something/node_modules/@tapjs/processinfo/dist/esm/import.mjs
    - --no-compilation-cache
    - --max-old-space-size=512
    - /media/peter/4509da27-4751-4dee-b366-f3983d077725/peter/projects/something/test/bootstrap/bootstrap-api.test.js
  exitCode: 1
  signal: null
  ...

---------------------------------------|---------|----------|---------|---------|-------------------
File                                   | % Stmts | % Branch | % Funcs | % Lines | Uncovered Line #s 
---------------------------------------|---------|----------|---------|---------|-------------------
All files                              |   51.26 |    52.95 |   31.21 |   51.26 |                   
 bootstrap                             |   76.72 |    66.39 |   45.56 |   76.72 |                   
  bootstrap-api-constants.js           |    99.7 |      100 |       0 |    99.7 | 161               
  bootstrap-api-runtime-methods.js     |   66.98 |    67.44 |   23.17 |   66.98 | ...75,583,609-613 
  bootstrap-api.js                     |   84.37 |    72.11 |   55.67 |   84.37 | ...1617,1642-1655 
  bootstrap-constants.js               |     100 |      100 |       0 |     100 |                   
  bootstrap-readiness-ladder.js        |   97.61 |     82.6 |     100 |   97.61 | 50-51             
  bootstrap-topology-snapshot.js       |   15.73 |      100 |       0 |   15.73 | 11-22,24-38,40-87 
  control-plane-write-health-owner.js  |   26.72 |      100 |       0 |   26.72 | ...73-212,214-224 
  lifecycle-controller.js              |   70.76 |    67.02 |   76.92 |   70.76 | ...34-638,641-656 
  ...age-group-assignment-constants.js |     100 |      100 |       0 |     100 |                   
  message-group-assignment.js          |   52.63 |    31.03 |   36.36 |   52.63 | ...60-406,414-434 
  startup-recovery-coordinator.js      |   85.63 |    55.45 |    92.3 |   85.63 | ...27-529,534-536 
  system-partition-classification.js   |    21.3 |      100 |       0 |    21.3 | ...00-310,312-381 
  system-table-schema-sql.js           |   33.33 |      100 |       0 |   33.33 | 9-36,43-52        
  system-table-schemas-constants.js    |   99.32 |    71.42 |      50 |   99.32 | ...1431,1438-1440 
  traffic-readiness-utils.js           |   30.42 |    52.94 |      20 |   30.42 | ...97-274,276-296 
 bootstrap/owners                      |   45.84 |    54.74 |   45.97 |   45.84 |                   
  bootstrap-cluster-view-owner.js      |   23.44 |       50 |   15.78 |   23.44 | ...08-216,219-270 
  bootstrap-join-admission-owner.js    |   50.21 |    46.26 |   45.94 |   50.21 | ...49-650,673-693 
  ...p-readiness-owner-class-part-1.js |   84.13 |    70.03 |   94.33 |   84.13 | ...1146,1236-1237 
  ...p-readiness-owner-class-part-2.js |   53.75 |    51.85 |   70.58 |   53.75 | ...74-494,496-504 
  bootstrap-request-owner.js           |   57.05 |    42.99 |   71.18 |   57.05 | ...1167,1177-1234 
  bootstrap-topology-snapshot-owner.js |   44.58 |    31.76 |    32.3 |   44.58 | ...1371,1374-1392 
  move-replica-assignment-owner.js     |   16.46 |    33.33 |   16.66 |   16.46 | ...1592,1595-1673 
  move-replica-handoff-owner.js        |   21.22 |       25 |   10.34 |   21.22 | ...60-519,522-567 
  service-leader-readiness-owner.js    |   48.48 |    44.44 |   45.45 |   48.48 | ...37-369,376-440 
  ...ice-registration-handoff-owner.js |   85.36 |    71.21 |     100 |   85.36 | ...71-292,317-324 
  ...-registration-visibility-owner.js |   14.07 |    66.66 |    5.55 |   14.07 | ...20-380,383-395 
 bootstrap/shared                      |   37.13 |    34.88 |   42.85 |   37.13 |                   
  local-query-transport-readiness.js   |   44.06 |     23.8 |   42.85 |   44.06 | ...91-100,102-169 
  retryable-control-plane-write.js     |   82.85 |    42.85 |      75 |   82.85 | ...,35-36,118-134 
  startup-convergence-gate.js          |   11.44 |      100 |       0 |   11.44 | ...59-100,102-290 
 cache                                 |   69.45 |    69.44 |   27.02 |   69.45 |                   
  cache-constants.js                   |   99.41 |      100 |       0 |   99.41 | 43                
  cdc-table-policy.js                  |    92.8 |     87.5 |      25 |    92.8 | ...96-398,400-402 
  leader-readiness-gate.js             |   31.39 |       50 |   33.33 |   31.39 | ...11-350,363-411 
  system-cache-key-descriptor.js       |   85.71 |    76.92 |      50 |   85.71 | 35-36,46-47,60-68 
 cdc                                   |   28.93 |      100 |       0 |   28.93 |                   
  cdc-constants.js                     |     100 |      100 |       0 |     100 |                   
  cdc-event-handler.js                 |   23.31 |      100 |       0 |   23.31 | ...12-726,734-739 
  ...ervice-authoritative-read-flow.js |   10.41 |      100 |       0 |   10.41 | ...66-282,284-509 
  ...ice-local-system-table-routing.js |   14.34 |      100 |       0 |   14.34 | ...46-247,250-251 
  ...rvice-owner-rpc-read-execution.js |   12.25 |      100 |       0 |   12.25 | ...73-308,310-406 
  cdc-integration-service-segment-1.js |   53.33 |      100 |       0 |   53.33 | ...21-622,632-633 
  cdc-integration-service-segment-2.js |   21.85 |      100 |       0 |   21.85 | ...1430,1439-1446 
  cdc-integration-service-segment-3.js |    23.9 |      100 |       0 |    23.9 | ...1577,1586-1609 
  cdc-integration-service-shared.js    |   46.91 |      100 |       0 |   46.91 | ...43-546,563-675 
  ...ration-mutation-coalescing-key.js |   26.22 |      100 |       0 |   26.22 | ...90-104,106-117 
  ...tem-table-mutation-sql-helpers.js |    8.33 |      100 |       0 |    8.33 | 4-9,12-60         
 cdc/write-router                      |   62.29 |      100 |       0 |   62.29 |                   
  index.js                             |   62.29 |      100 |       0 |   62.29 | ...43,46-48,50-52 
 config                                |   96.43 |    80.76 |   66.66 |   96.43 |                   
  configuration-manager.js             |   79.62 |       80 |   66.66 |   79.62 | ...28-229,255-256 
 constants                             |   98.25 |      100 |       0 |   98.25 |                   
  cdc-lifecycle-constants.js           |   98.24 |      100 |       0 |   98.24 | 87-88             
  entrypoint.js                        |     100 |      100 |       0 |     100 |                   
  transport.js                         |   92.14 |      100 |       0 |   92.14 | ...37,253-254,268 
 control-plane                         |   42.12 |    42.16 |   29.38 |   42.12 |                   
  active-node-projection.js            |   39.89 |    15.78 |      25 |   39.89 | ...1275,1277-1281 
  authoritative-control-plane-view.js  |   16.43 |      100 |       0 |   16.43 | ...80-601,611-700 
  control-plane-constants.js           |   77.81 |      100 |   14.28 |   77.81 | ...50-253,255-258 
  control-plane-diagnostics-ledger.js  |    82.5 |    66.66 |      50 |    82.5 | ...53,63-70,76-77 
  ...rol-plane-error-classification.js |   82.04 |    44.18 |      90 |   82.04 | ...56-257,265-266 
  ...e-mutation-readiness-constants.js |   55.31 |      100 |       0 |   55.31 | 17-37             
  control-plane-mutation-readiness.js  |   24.84 |       50 |   10.52 |   24.84 | ...69-471,473-475 
  control-plane-publication-merge.js   |   15.76 |      100 |       0 |   15.76 | ...27-423,425-475 
  control-plane-runtime-bundle.js      |     100 |    83.33 |     100 |     100 | 42-59             
  ...system-table-gateway-segment-1.js |   67.65 |    28.09 |   47.61 |   67.65 | ...1164,1166-1167 
  ...system-table-gateway-segment-2.js |   45.79 |    27.16 |   48.27 |   45.79 | ...1115,1127-1131 
  ...system-table-gateway-segment-3.js |   36.37 |    32.35 |   18.18 |   36.37 | ...64-922,932-956 
  ...ne-system-table-gateway-shared.js |   50.24 |    44.44 |      45 |   50.24 | ...1097,1110-1111 
  ...rol-plane-system-table-gateway.js |   56.66 |      100 |   33.33 |   56.66 | 30-47,49-69       
  ...tem-table-visibility-constants.js |   51.47 |       75 |   33.33 |   51.47 | 24-25,30-37,39-61 
  control-plane-workload-profile.js    |   93.72 |     62.5 |   66.66 |   93.72 | 195-207,212-213   
  eligibility-snapshot.js              |   14.11 |      100 |       0 |   14.11 | ...93-309,311-333 
  membership-lifecycle-constants.js    |   44.41 |       80 |   13.63 |   44.41 | ...77-486,488-641 
  membership-lifecycle-controller.js   |   49.15 |    52.17 |   47.05 |   49.15 | ...71-281,284-294 
  owner-contract-outcome.js            |   96.22 |    66.66 |     100 |   96.22 | 22,31             
  pressure-governor.js                 |   23.98 |      100 |       0 |   23.98 | ...57-459,462-481 
  ...y-recovery-admission-constants.js |   92.95 |      100 |       0 |   92.95 | 49-53             
  priority-recovery-completion.js      |   22.59 |      100 |       0 |   22.59 | ...5,47-75,77-201 
  ...ity-recovery-dispatch-snapshot.js |   24.56 |      100 |       0 |   24.56 | ...76-887,889-901 
  priority-recovery-helpers.js         |   23.46 |    66.66 |   16.66 |   23.46 | ...3,75-81,83-187 
  ...ry-operation-owner-observation.js |   57.28 |      100 |    4.34 |   57.28 | ...20-434,436-477 
  ...rity-recovery-snapshot-stage-1.js |   19.72 |    41.66 |   18.18 |   19.72 | ...45-551,553-563 
  ...ity-recovery-snapshot-stage-11.js |    8.77 |      100 |       0 |    8.77 | ...96-448,450-458 
  ...rity-recovery-snapshot-stage-2.js |   13.44 |      100 |       0 |   13.44 | ...58-560,562-566 
  ...rity-recovery-snapshot-stage-3.js |   11.56 |      100 |       0 |   11.56 | ...1186,1188-1218 
  ...rity-recovery-snapshot-stage-4.js |   25.64 |       15 |   18.18 |   25.64 | ...04-517,519-528 
  ...rity-recovery-snapshot-stage-5.js |    9.31 |      100 |       0 |    9.31 | ...01-509,511-556 
  ...rity-recovery-snapshot-stage-6.js |   14.23 |      100 |       0 |   14.23 | ...44-584,586-593 
  ...rity-recovery-snapshot-stage-7.js |   13.75 |      100 |       0 |   13.75 | ...14-521,523-562 
  ...rity-recovery-snapshot-stage-8.js |   24.65 |      100 |       0 |   24.65 | ...95-502,504-557 
  ...rity-recovery-snapshot-stage-9.js |   24.21 |      100 |       0 |   24.21 | ...78-582,584-588 
  ...recovery-snapshot-stage-shared.js |     100 |    66.66 |       0 |     100 | 286               
  projection-readiness-decision.js     |   50.54 |      100 |       0 |   50.54 | ...88-205,207-272 
  projection-readiness-evidence.js     |   10.85 |      100 |       0 |   10.85 | ...39-362,364-510 
  projection-readiness-state.js        |   28.57 |      100 |       0 |   28.57 | 11-47,49-51       
  publication-owner-decision.js        |   89.45 |    69.23 |   91.42 |   89.45 | ...32,238,496-532 
  publication-owner-evidence.js        |   91.52 |    42.22 |     100 |   91.52 | ...13-234,263-264 
  publication-owner-state.js           |   90.08 |      100 |      60 |   90.08 | 94-97,107-114     
  publication-recovery-gate.js         |   69.88 |    35.21 |   77.35 |   69.88 | ...1147-1148,1151 
  read-model-contract.js               |   90.12 |      100 |       0 |   90.12 | 132-144,151-153   
  recovery-protocol-snapshot.js        |   88.09 |    26.01 |   91.42 |   88.09 | ...49-751,840-841 
  startup-authority-snapshot-owner.js  |   14.42 |    66.66 |      10 |   14.42 | ...79-534,537-825 
  system-row-normalizers.js            |   41.41 |    91.42 |   64.28 |   41.41 | ...53-346,350-351 
  timeout-budget.js                    |      52 |       75 |   54.54 |      52 | ...20-159,161-170 
  topology-operator-witness.js         |   45.09 |      100 |       0 |   45.09 | ...04-222,224-299 
 hlc                                   |   56.03 |      100 |       0 |   56.03 |                   
  hlc-clock-service.js                 |   39.15 |      100 |       0 |   39.15 | ...54-155,162-163 
  hlc-timestamp.js                     |   64.03 |      100 |       0 |   64.03 | ...02-103,110-111 
 logging                               |   68.81 |    50.94 |   39.65 |   68.81 |                   
  logging-constants.js                 |   99.37 |      100 |       0 |   99.37 | 44                
  logging-service.js                   |   63.53 |       50 |   46.93 |   63.53 | ...06-907,920-924 
 node                                  |   64.51 |      100 |       0 |   64.51 |                   
  node-constants.js                    |   98.84 |      100 |       0 |   98.84 | 121-124           
  node-readiness-policy.js             |   27.04 |      100 |       0 |   27.04 | ...51-273,283-307 
 policy                                |     100 |      100 |       0 |     100 |                   
  policy-constants.js                  |     100 |      100 |       0 |     100 |                   
 query                                 |   76.78 |       36 |      35 |   76.78 |                   
  canonical-leader-routing.js          |    47.1 |    33.33 |   41.17 |    47.1 | ...40-343,345-348 
  query-constants.js                   |     100 |      100 |       0 |     100 |                   
 raft                                  |   45.51 |      100 |       0 |   45.51 |                   
  constants.js                         |   45.51 |      100 |       0 |   45.51 | ...43-255,257-296 
 rebalancer                            |   52.98 |      100 |    4.44 |   52.98 |                   
  assignment-epoch.js                  |    52.8 |      100 |       0 |    52.8 | ...97-403,415-421 
  operation-lifecycle.js               |   47.59 |      100 |   10.52 |   47.59 | ...12-933,935-937 
  operation-progress-events.js         |   30.61 |      100 |       0 |   30.61 | ...66-172,174-186 
  operation-progress-observer.js       |    45.5 |      100 |       0 |    45.5 | ...32-148,150-160 
  operation-workflow-owner-evidence.js |   21.14 |      100 |       0 |   21.14 | ...10-334,336-379 
  replica-operation-liveness.js        |   13.14 |      100 |       0 |   13.14 | ...77-824,826-901 
  replica-status.js                    |   65.24 |      100 |    12.5 |   65.24 | ...26-831,844-849 
 runtime                               |   83.58 |    33.33 |      75 |   83.58 |                   
  control-plane-rollout-controls.js    |   83.58 |    33.33 |      75 |   83.58 | ...,72-74,119-122 
 test-helpers                          |    90.9 |    33.33 |     100 |    90.9 |                   
  tap.js                               |    90.9 |    33.33 |     100 |    90.9 | 13-14             
 transport                             |   40.24 |       40 |    37.2 |   40.24 |                   
  node-address-resolution.js           |   48.31 |    38.77 |   53.33 |   48.31 | ...19-421,423-492 
  transport-semantic-outcome.js        |   27.09 |      100 |       0 |   27.09 | ...85-287,289-291 
 utils                                 |   48.93 |    66.66 |      50 |   48.93 |                   
  assert.js                            |   48.93 |    66.66 |      50 |   48.93 | 13-31,43-47       
 wasm-service                          |   66.72 |      100 |       0 |   66.72 |                   
  runtime-legacy-mapping.js            |   65.54 |      100 |       0 |   65.54 | ...,77-88,103-112 
  wasm-service-models.js               |   48.92 |      100 |       0 |   48.92 | ...28-242,249-265 
---------------------------------------|---------|----------|---------|---------|-------------------
# { total: 144, pass: 143, fail: 1 }
# time=3671.895ms
