{"type":"test:stderr","file":"test/integration/message-group-learner-recipient.integration.test.js","message":"(node:1483) ExperimentalWarning: `--experimental-loader` may be removed in the future; instead use `register()`:\n"}
{"type":"test:stderr","file":"test/integration/message-group-learner-recipient.integration.test.js","message":"--import 'data:text/javascript,import { register } from \"node:module\"; import { pathToFileURL } from \"node:url\"; register(\"../previous/diagnostic/native-loader.mjs\", pathToFileURL(\"./\"));'\n"}
{"type":"test:stderr","file":"test/integration/message-group-learner-recipient.integration.test.js","message":"(Use `node --trace-warnings ...` to show where the warning was created)\n"}
{"type":"test:stderr","file":"test/integration/message-group-learner-recipient.integration.test.js","message":"(node:1483) ExperimentalWarning: SQLite is an experimental feature and might change at any time\n"}
{"type":"test:pass","name":"two actual routers and a registered handler record without direct native callback","file":"/mnt/data/continuation-20261010/repo/test/integration/message-group-learner-recipient.integration.test.js","nesting":1,"testNumber":1,"durationMs":100.361208,"skip":false,"todo":false}
{"type":"test:pass","name":"uncommitted intent is UNKNOWN through the real recipient","file":"/mnt/data/continuation-20261010/repo/test/integration/message-group-learner-recipient.integration.test.js","nesting":1,"testNumber":2,"durationMs":29.138686,"skip":false,"todo":false}
{"type":"test:pass","name":"claimed payload context cannot substitute for the actual delivery","file":"/mnt/data/continuation-20261010/repo/test/integration/message-group-learner-recipient.integration.test.js","nesting":1,"testNumber":3,"durationMs":35.929309,"skip":false,"todo":false}
{"type":"test:pass","name":"wrong group and wrong action cannot borrow the selected native result","file":"/mnt/data/continuation-20261010/repo/test/integration/message-group-learner-recipient.integration.test.js","nesting":1,"testNumber":4,"durationMs":34.447164,"skip":false,"todo":false}
{"type":"test:pass","name":"handler replacement invalidates a held actual native answer, fresh read recovers","file":"/mnt/data/continuation-20261010/repo/test/integration/message-group-learner-recipient.integration.test.js","nesting":1,"testNumber":5,"durationMs":46.079824,"skip":false,"todo":false}
{"type":"test:pass","name":"native port replacement invalidates a held result","file":"/mnt/data/continuation-20261010/repo/test/integration/message-group-learner-recipient.integration.test.js","nesting":1,"testNumber":6,"durationMs":38.672386,"skip":false,"todo":false}
{"type":"test:pass","name":"workflow shutdown stops outcome consumption but not its durable debt","file":"/mnt/data/continuation-20261010/repo/test/integration/message-group-learner-recipient.integration.test.js","nesting":1,"testNumber":7,"durationMs":32.393992,"skip":false,"todo":false}
{"type":"test:pass","name":"current CREATE and unsupported read purposes remain parked","file":"/mnt/data/continuation-20261010/repo/test/integration/message-group-learner-recipient.integration.test.js","nesting":1,"testNumber":8,"durationMs":36.568458,"skip":false,"todo":false}
{"type":"test:pass","name":"registered message-group recipient carries historical evidence to its workflow owner","file":"/mnt/data/continuation-20261010/repo/test/integration/message-group-learner-recipient.integration.test.js","nesting":0,"testNumber":1,"durationMs":355.23856,"skip":false,"todo":false}
{"type":"test:pass","name":"a callback captured before re-registration cannot borrow its successor identity","file":"/mnt/data/continuation-20261010/repo/test/integration/message-group-learner-recipient.integration.test.js","nesting":1,"testNumber":1,"durationMs":34.359953,"skip":false,"todo":false}
{"type":"test:pass","name":"retiring an old handler cannot unregister the current handler","file":"/mnt/data/continuation-20261010/repo/test/integration/message-group-learner-recipient.integration.test.js","nesting":1,"testNumber":2,"durationMs":35.351181,"skip":false,"todo":false}
{"type":"test:pass","name":"a late unregister on the previous router cannot clear the new registration","file":"/mnt/data/continuation-20261010/repo/test/integration/message-group-learner-recipient.integration.test.js","nesting":1,"testNumber":3,"durationMs":32.880493,"skip":false,"todo":false}
{"type":"test:pass","name":"recipient delivery uses the workflow owner configured timeout","file":"/mnt/data/continuation-20261010/repo/test/integration/message-group-learner-recipient.integration.test.js","nesting":1,"testNumber":4,"durationMs":37.86263,"skip":false,"todo":false}
{"type":"test:pass","name":"shutdown after native delivery prevents a new recording submission","file":"/mnt/data/continuation-20261010/repo/test/integration/message-group-learner-recipient.integration.test.js","nesting":1,"testNumber":5,"durationMs":28.756512,"skip":false,"todo":false}
{"type":"test:pass","name":"fence-turnover after native delivery prevents a new recording submission","file":"/mnt/data/continuation-20261010/repo/test/integration/message-group-learner-recipient.integration.test.js","nesting":1,"testNumber":6,"durationMs":30.070384,"skip":false,"todo":false}
{"type":"test:pass","name":"owner invalidation during write backoff prevents resubmission","file":"/mnt/data/continuation-20261010/repo/test/integration/message-group-learner-recipient.integration.test.js","nesting":1,"testNumber":7,"durationMs":31.995334,"skip":false,"todo":false}
{"type":"test:pass","name":"recording enters the existing retained operation lane before reading","file":"/mnt/data/continuation-20261010/repo/test/integration/message-group-learner-recipient.integration.test.js","nesting":1,"testNumber":8,"durationMs":26.673797,"skip":false,"todo":false}
{"type":"test:pass","name":"learner driver invocation is fenced through its submission boundary","file":"/mnt/data/continuation-20261010/repo/test/integration/message-group-learner-recipient.integration.test.js","nesting":0,"testNumber":2,"durationMs":258.924997,"skip":false,"todo":false}
{"type":"test:pass","name":"queued recording snapshots encoded request and recipient without invoking accessors","file":"/mnt/data/continuation-20261010/repo/test/integration/message-group-learner-recipient.integration.test.js","nesting":1,"testNumber":1,"durationMs":30.380159,"skip":false,"todo":false}
{"type":"test:pass","name":"an already-submitted write stays UNKNOWN after invocation retirement","file":"/mnt/data/continuation-20261010/repo/test/integration/message-group-learner-recipient.integration.test.js","nesting":1,"testNumber":2,"durationMs":39.176222,"skip":false,"todo":false}
{"type":"test:pass","name":"a synchronous submission guard adds no extra microtask or wire authority","file":"/mnt/data/continuation-20261010/repo/test/integration/message-group-learner-recipient.integration.test.js","nesting":1,"testNumber":3,"durationMs":27.720467,"skip":false,"todo":false}
{"type":"test:pass","name":"asynchronous existing admission still settles before a mutation attempt","file":"/mnt/data/continuation-20261010/repo/test/integration/message-group-learner-recipient.integration.test.js","nesting":1,"testNumber":4,"durationMs":26.703821,"skip":false,"todo":false}
{"type":"test:pass","name":"the owned learner command preserves submission and uncertainty boundaries","file":"/mnt/data/continuation-20261010/repo/test/integration/message-group-learner-recipient.integration.test.js","nesting":0,"testNumber":3,"durationMs":124.471728,"skip":false,"todo":false}
{"type":"test:pass","name":"lease-expiry after submission permits only the exact late receipt","file":"/mnt/data/continuation-20261010/repo/test/integration/message-group-learner-recipient.integration.test.js","nesting":1,"testNumber":1,"durationMs":31.57347,"skip":false,"todo":false}
{"type":"test:pass","name":"canonical-boot-revocation after submission permits only the exact late receipt","file":"/mnt/data/continuation-20261010/repo/test/integration/message-group-learner-recipient.integration.test.js","nesting":1,"testNumber":2,"durationMs":28.265055,"skip":false,"todo":false}
{"type":"test:pass","name":"receipt-first then holder takeover recovers without rewriting the action","file":"/mnt/data/continuation-20261010/repo/test/integration/message-group-learner-recipient.integration.test.js","nesting":1,"testNumber":3,"durationMs":35.805833,"skip":false,"todo":false}
{"type":"test:pass","name":"claim-first defeats the stale receipt and the successor still makes progress","file":"/mnt/data/continuation-20261010/repo/test/integration/message-group-learner-recipient.integration.test.js","nesting":1,"testNumber":4,"durationMs":33.59194,"skip":false,"todo":false}
{"type":"test:pass","name":"lease-expiry during retry backoff prevents a NEW receipt submission","file":"/mnt/data/continuation-20261010/repo/test/integration/message-group-learner-recipient.integration.test.js","nesting":1,"testNumber":5,"durationMs":29.386488,"skip":false,"todo":false}
{"type":"test:pass","name":"canonical-boot-revocation during retry backoff prevents a NEW receipt submission","file":"/mnt/data/continuation-20261010/repo/test/integration/message-group-learner-recipient.integration.test.js","nesting":1,"testNumber":6,"durationMs":29.371666,"skip":false,"todo":false}
{"type":"test:pass","name":"safety-first historical recording remains separate from permission for a next effect","file":"/mnt/data/continuation-20261010/repo/test/integration/message-group-learner-recipient.integration.test.js","nesting":0,"testNumber":4,"durationMs":188.607352,"skip":false,"todo":false}
{"type":"test:pass","name":"new workflow owner records by ID after native commit, without manual workflow progress","file":"/mnt/data/continuation-20261010/repo/test/integration/message-group-learner-recipient.integration.test.js","nesting":1,"testNumber":1,"durationMs":28.611304,"skip":false,"todo":false}
{"type":"test:pass","name":"reconstruction after SQL-answer loss consumes the committed permit without reviving it","file":"/mnt/data/continuation-20261010/repo/test/integration/message-group-learner-recipient.integration.test.js","nesting":1,"testNumber":2,"durationMs":29.942082,"skip":false,"todo":false}
{"type":"test:pass","name":"recovery with no applied origin waits and later records the SAME action","file":"/mnt/data/continuation-20261010/repo/test/integration/message-group-learner-recipient.integration.test.js","nesting":1,"testNumber":3,"durationMs":33.255475,"skip":false,"todo":false}
{"type":"test:pass","name":"missing or unreadable authoritative row cannot be reconstructed from caches","file":"/mnt/data/continuation-20261010/repo/test/integration/message-group-learner-recipient.integration.test.js","nesting":1,"testNumber":4,"durationMs":29.079808,"skip":false,"todo":false}
{"type":"test:pass","name":"restart recording reconstructs durable inputs without retaining the original request","file":"/mnt/data/continuation-20261010/repo/test/integration/message-group-learner-recipient.integration.test.js","nesting":0,"testNumber":5,"durationMs":121.483141,"skip":false,"todo":false}
{"type":"test:pass","name":"async admission must recheck local lifetime adjacent to actual submission","file":"/mnt/data/continuation-20261010/repo/test/integration/message-group-learner-recipient.integration.test.js","nesting":0,"testNumber":6,"durationMs":28.726368,"skip":false,"todo":false}
{"type":"test:pass","name":"committed permit with missing recorded phase cannot be reused as an in-flight recording","file":"/mnt/data/continuation-20261010/repo/test/integration/message-group-learner-recipient.integration.test.js","nesting":0,"testNumber":7,"durationMs":26.113895,"skip":false,"todo":false}
{"type":"test:summary","file":"/mnt/data/continuation-20261010/repo/test/integration/message-group-learner-recipient.integration.test.js","success":true,"counts":{"tests":37,"failed":0,"passed":37,"cancelled":0,"skipped":0,"todo":0,"topLevel":7,"suites":0},"durationMs":1115.210548}
{"type":"test:diagnostic","nesting":0,"message":"tests 37"}
{"type":"test:diagnostic","nesting":0,"message":"suites 0"}
{"type":"test:diagnostic","nesting":0,"message":"pass 37"}
{"type":"test:diagnostic","nesting":0,"message":"fail 0"}
{"type":"test:diagnostic","nesting":0,"message":"cancelled 0"}
{"type":"test:diagnostic","nesting":0,"message":"skipped 0"}
{"type":"test:diagnostic","nesting":0,"message":"todo 0"}
{"type":"test:diagnostic","nesting":0,"message":"duration_ms 1621.958138"}
{"type":"test:summary","file":null,"success":true,"counts":{"tests":37,"failed":0,"passed":37,"cancelled":0,"skipped":0,"todo":0,"topLevel":7,"suites":0},"durationMs":1621.958138}
