{"type":"test:stderr","file":"test/integration/message-group-learner-recipient.integration.test.js","message":"(node:1117) ExperimentalWarning: `--experimental-loader` may be removed in the future; instead use `register()`:\n"}
{"type":"test:stderr","file":"test/integration/message-group-learner-recipient.integration.test.js","message":"--import 'data:text/javascript,import { register } from \"node:module\"; import { pathToFileURL } from \"node:url\"; register(\"../previous/diagnostic/native-loader.mjs\", pathToFileURL(\"./\"));'\n"}
{"type":"test:stderr","file":"test/integration/message-group-learner-recipient.integration.test.js","message":"(Use `node --trace-warnings ...` to show where the warning was created)\n"}
{"type":"test:stderr","file":"test/integration/message-group-learner-recipient.integration.test.js","message":"(node:1117) ExperimentalWarning: SQLite is an experimental feature and might change at any time\n"}
{"type":"test:pass","name":"two actual routers and a registered handler record without direct native callback","file":"/mnt/data/continuation-20261010/repo/test/integration/message-group-learner-recipient.integration.test.js","nesting":1,"testNumber":1,"durationMs":95.693812,"skip":false,"todo":false}
{"type":"test:pass","name":"uncommitted intent is UNKNOWN through the real recipient","file":"/mnt/data/continuation-20261010/repo/test/integration/message-group-learner-recipient.integration.test.js","nesting":1,"testNumber":2,"durationMs":33.450829,"skip":false,"todo":false}
{"type":"test:pass","name":"claimed payload context cannot substitute for the actual delivery","file":"/mnt/data/continuation-20261010/repo/test/integration/message-group-learner-recipient.integration.test.js","nesting":1,"testNumber":3,"durationMs":32.927232,"skip":false,"todo":false}
{"type":"test:pass","name":"wrong group and wrong action cannot borrow the selected native result","file":"/mnt/data/continuation-20261010/repo/test/integration/message-group-learner-recipient.integration.test.js","nesting":1,"testNumber":4,"durationMs":35.365523,"skip":false,"todo":false}
{"type":"test:pass","name":"handler replacement invalidates a held actual native answer, fresh read recovers","file":"/mnt/data/continuation-20261010/repo/test/integration/message-group-learner-recipient.integration.test.js","nesting":1,"testNumber":5,"durationMs":40.14044,"skip":false,"todo":false}
{"type":"test:pass","name":"native port replacement invalidates a held result","file":"/mnt/data/continuation-20261010/repo/test/integration/message-group-learner-recipient.integration.test.js","nesting":1,"testNumber":6,"durationMs":41.927372,"skip":false,"todo":false}
{"type":"test:pass","name":"workflow shutdown stops outcome consumption but not its durable debt","file":"/mnt/data/continuation-20261010/repo/test/integration/message-group-learner-recipient.integration.test.js","nesting":1,"testNumber":7,"durationMs":37.266986,"skip":false,"todo":false}
{"type":"test:pass","name":"current CREATE and unsupported read purposes remain parked","file":"/mnt/data/continuation-20261010/repo/test/integration/message-group-learner-recipient.integration.test.js","nesting":1,"testNumber":8,"durationMs":28.849653,"skip":false,"todo":false}
{"type":"test:pass","name":"registered message-group recipient carries historical evidence to its workflow owner","file":"/mnt/data/continuation-20261010/repo/test/integration/message-group-learner-recipient.integration.test.js","nesting":0,"testNumber":1,"durationMs":347.57004,"skip":false,"todo":false}
{"type":"test:pass","name":"a callback captured before re-registration cannot borrow its successor identity","file":"/mnt/data/continuation-20261010/repo/test/integration/message-group-learner-recipient.integration.test.js","nesting":1,"testNumber":1,"durationMs":34.137409,"skip":false,"todo":false}
{"type":"test:pass","name":"retiring an old handler cannot unregister the current handler","file":"/mnt/data/continuation-20261010/repo/test/integration/message-group-learner-recipient.integration.test.js","nesting":1,"testNumber":2,"durationMs":34.906193,"skip":false,"todo":false}
{"type":"test:pass","name":"a late unregister on the previous router cannot clear the new registration","file":"/mnt/data/continuation-20261010/repo/test/integration/message-group-learner-recipient.integration.test.js","nesting":1,"testNumber":3,"durationMs":33.719712,"skip":false,"todo":false}
{"type":"test:pass","name":"recipient delivery uses the workflow owner configured timeout","file":"/mnt/data/continuation-20261010/repo/test/integration/message-group-learner-recipient.integration.test.js","nesting":1,"testNumber":4,"durationMs":36.537361,"skip":false,"todo":false}
{"type":"test:pass","name":"shutdown after native delivery prevents a new recording submission","file":"/mnt/data/continuation-20261010/repo/test/integration/message-group-learner-recipient.integration.test.js","nesting":1,"testNumber":5,"durationMs":34.914685,"skip":false,"todo":false}
{"type":"test:pass","name":"fence-turnover after native delivery prevents a new recording submission","file":"/mnt/data/continuation-20261010/repo/test/integration/message-group-learner-recipient.integration.test.js","nesting":1,"testNumber":6,"durationMs":31.698248,"skip":false,"todo":false}
{"type":"test:pass","name":"owner invalidation during write backoff prevents resubmission","file":"/mnt/data/continuation-20261010/repo/test/integration/message-group-learner-recipient.integration.test.js","nesting":1,"testNumber":7,"durationMs":30.216173,"skip":false,"todo":false}
{"type":"test:pass","name":"recording enters the existing retained operation lane before reading","file":"/mnt/data/continuation-20261010/repo/test/integration/message-group-learner-recipient.integration.test.js","nesting":1,"testNumber":8,"durationMs":29.805677,"skip":false,"todo":false}
{"type":"test:pass","name":"learner driver invocation is fenced through its submission boundary","file":"/mnt/data/continuation-20261010/repo/test/integration/message-group-learner-recipient.integration.test.js","nesting":0,"testNumber":2,"durationMs":266.914208,"skip":false,"todo":false}
{"type":"test:pass","name":"queued recording snapshots encoded request and recipient without invoking accessors","file":"/mnt/data/continuation-20261010/repo/test/integration/message-group-learner-recipient.integration.test.js","nesting":1,"testNumber":1,"durationMs":31.804978,"skip":false,"todo":false}
{"type":"test:pass","name":"an already-submitted write stays UNKNOWN after invocation retirement","file":"/mnt/data/continuation-20261010/repo/test/integration/message-group-learner-recipient.integration.test.js","nesting":1,"testNumber":2,"durationMs":37.028247,"skip":false,"todo":false}
{"type":"test:pass","name":"a synchronous submission guard adds no extra microtask or wire authority","file":"/mnt/data/continuation-20261010/repo/test/integration/message-group-learner-recipient.integration.test.js","nesting":1,"testNumber":3,"durationMs":26.90285,"skip":false,"todo":false}
{"type":"test:pass","name":"asynchronous existing admission still settles before a mutation attempt","file":"/mnt/data/continuation-20261010/repo/test/integration/message-group-learner-recipient.integration.test.js","nesting":1,"testNumber":4,"durationMs":29.777034,"skip":false,"todo":false}
{"type":"test:pass","name":"the owned learner command preserves submission and uncertainty boundaries","file":"/mnt/data/continuation-20261010/repo/test/integration/message-group-learner-recipient.integration.test.js","nesting":0,"testNumber":3,"durationMs":126.003957,"skip":false,"todo":false}
{"type":"test:pass","name":"lease-expiry after submission permits only the exact late receipt","file":"/mnt/data/continuation-20261010/repo/test/integration/message-group-learner-recipient.integration.test.js","nesting":1,"testNumber":1,"durationMs":28.403613,"skip":false,"todo":false}
{"type":"test:pass","name":"canonical-boot-revocation after submission permits only the exact late receipt","file":"/mnt/data/continuation-20261010/repo/test/integration/message-group-learner-recipient.integration.test.js","nesting":1,"testNumber":2,"durationMs":32.313501,"skip":false,"todo":false}
{"type":"test:fail","name":"receipt-first then holder takeover recovers without rewriting the action","file":"/mnt/data/continuation-20261010/repo/test/integration/message-group-learner-recipient.integration.test.js","nesting":1,"testNumber":3,"durationMs":26.905214,"skip":false,"todo":false,"failureType":"testCodeFailure","errorCode":"ERR_TEST_FAILURE","assertionCode":"ERR_ASSERTION","assertionMessage":"Expected values to be strictly equal:\n\n2 !== 1\n","message":"Expected values to be strictly equal:\n\n2 !== 1\n"}
{"type":"test:pass","name":"claim-first defeats the stale receipt and the successor still makes progress","file":"/mnt/data/continuation-20261010/repo/test/integration/message-group-learner-recipient.integration.test.js","nesting":1,"testNumber":4,"durationMs":31.515193,"skip":false,"todo":false}
{"type":"test:fail","name":"lease-expiry during retry backoff prevents a NEW receipt submission","file":"/mnt/data/continuation-20261010/repo/test/integration/message-group-learner-recipient.integration.test.js","nesting":1,"testNumber":5,"durationMs":29.399978,"skip":false,"todo":false,"failureType":"testCodeFailure","errorCode":"ERR_TEST_FAILURE","assertionCode":"ERR_ASSERTION","assertionMessage":"revoked claim or boot must prevent another submission after backoff\n\n2 !== 1\n","message":"revoked claim or boot must prevent another submission after backoff\n\n2 !== 1\n"}
{"type":"test:fail","name":"canonical-boot-revocation during retry backoff prevents a NEW receipt submission","file":"/mnt/data/continuation-20261010/repo/test/integration/message-group-learner-recipient.integration.test.js","nesting":1,"testNumber":6,"durationMs":26.928619,"skip":false,"todo":false,"failureType":"testCodeFailure","errorCode":"ERR_TEST_FAILURE","assertionCode":"ERR_ASSERTION","assertionMessage":"revoked claim or boot must prevent another submission after backoff\n\n2 !== 1\n","message":"revoked claim or boot must prevent another submission after backoff\n\n2 !== 1\n"}
{"type":"test:fail","name":"safety-first historical recording remains separate from permission for a next effect","file":"/mnt/data/continuation-20261010/repo/test/integration/message-group-learner-recipient.integration.test.js","nesting":0,"testNumber":4,"durationMs":176.332929,"skip":false,"todo":false,"failureType":"subtestsFailed","errorCode":"ERR_TEST_FAILURE","message":"3 subtests failed"}
{"type":"test:summary","file":"/mnt/data/continuation-20261010/repo/test/integration/message-group-learner-recipient.integration.test.js","success":false,"counts":{"tests":30,"failed":4,"passed":26,"cancelled":0,"skipped":0,"todo":0,"topLevel":4,"suites":0},"durationMs":942.364624}
{"type":"test:diagnostic","nesting":0,"message":"tests 30"}
{"type":"test:diagnostic","nesting":0,"message":"suites 0"}
{"type":"test:diagnostic","nesting":0,"message":"pass 26"}
{"type":"test:diagnostic","nesting":0,"message":"fail 4"}
{"type":"test:diagnostic","nesting":0,"message":"cancelled 0"}
{"type":"test:diagnostic","nesting":0,"message":"skipped 0"}
{"type":"test:diagnostic","nesting":0,"message":"todo 0"}
{"type":"test:diagnostic","nesting":0,"message":"duration_ms 1456.625016"}
{"type":"test:summary","file":null,"success":false,"counts":{"tests":30,"failed":4,"passed":26,"cancelled":0,"skipped":0,"todo":0,"topLevel":4,"suites":0},"durationMs":1456.625016}
