{"type":"test:stderr","file":"test/integration/message-group-learner-recipient.integration.test.js","message":"(node:1187) ExperimentalWarning: `--experimental-loader` may be removed in the future; instead use `register()`:\n"}
{"type":"test:stderr","file":"test/integration/message-group-learner-recipient.integration.test.js","message":"--import 'data:text/javascript,import { register } from \"node:module\"; import { pathToFileURL } from \"node:url\"; register(\"../previous/diagnostic/native-loader.mjs\", pathToFileURL(\"./\"));'\n"}
{"type":"test:stderr","file":"test/integration/message-group-learner-recipient.integration.test.js","message":"(Use `node --trace-warnings ...` to show where the warning was created)\n"}
{"type":"test:stderr","file":"test/integration/message-group-learner-recipient.integration.test.js","message":"(node:1187) ExperimentalWarning: SQLite is an experimental feature and might change at any time\n"}
{"type":"test:pass","name":"two actual routers and a registered handler record without direct native callback","file":"/mnt/data/continuation-20261010/repo/test/integration/message-group-learner-recipient.integration.test.js","nesting":1,"testNumber":1,"durationMs":101.734514,"skip":false,"todo":false}
{"type":"test:pass","name":"uncommitted intent is UNKNOWN through the real recipient","file":"/mnt/data/continuation-20261010/repo/test/integration/message-group-learner-recipient.integration.test.js","nesting":1,"testNumber":2,"durationMs":30.346422,"skip":false,"todo":false}
{"type":"test:pass","name":"claimed payload context cannot substitute for the actual delivery","file":"/mnt/data/continuation-20261010/repo/test/integration/message-group-learner-recipient.integration.test.js","nesting":1,"testNumber":3,"durationMs":38.04018,"skip":false,"todo":false}
{"type":"test:pass","name":"wrong group and wrong action cannot borrow the selected native result","file":"/mnt/data/continuation-20261010/repo/test/integration/message-group-learner-recipient.integration.test.js","nesting":1,"testNumber":4,"durationMs":38.758223,"skip":false,"todo":false}
{"type":"test:pass","name":"handler replacement invalidates a held actual native answer, fresh read recovers","file":"/mnt/data/continuation-20261010/repo/test/integration/message-group-learner-recipient.integration.test.js","nesting":1,"testNumber":5,"durationMs":41.880309,"skip":false,"todo":false}
{"type":"test:pass","name":"native port replacement invalidates a held result","file":"/mnt/data/continuation-20261010/repo/test/integration/message-group-learner-recipient.integration.test.js","nesting":1,"testNumber":6,"durationMs":41.340479,"skip":false,"todo":false}
{"type":"test:pass","name":"workflow shutdown stops outcome consumption but not its durable debt","file":"/mnt/data/continuation-20261010/repo/test/integration/message-group-learner-recipient.integration.test.js","nesting":1,"testNumber":7,"durationMs":30.5977,"skip":false,"todo":false}
{"type":"test:pass","name":"current CREATE and unsupported read purposes remain parked","file":"/mnt/data/continuation-20261010/repo/test/integration/message-group-learner-recipient.integration.test.js","nesting":1,"testNumber":8,"durationMs":33.076659,"skip":false,"todo":false}
{"type":"test:pass","name":"registered message-group recipient carries historical evidence to its workflow owner","file":"/mnt/data/continuation-20261010/repo/test/integration/message-group-learner-recipient.integration.test.js","nesting":0,"testNumber":1,"durationMs":357.550313,"skip":false,"todo":false}
{"type":"test:pass","name":"a callback captured before re-registration cannot borrow its successor identity","file":"/mnt/data/continuation-20261010/repo/test/integration/message-group-learner-recipient.integration.test.js","nesting":1,"testNumber":1,"durationMs":31.513323,"skip":false,"todo":false}
{"type":"test:pass","name":"retiring an old handler cannot unregister the current handler","file":"/mnt/data/continuation-20261010/repo/test/integration/message-group-learner-recipient.integration.test.js","nesting":1,"testNumber":2,"durationMs":30.49178,"skip":false,"todo":false}
{"type":"test:pass","name":"a late unregister on the previous router cannot clear the new registration","file":"/mnt/data/continuation-20261010/repo/test/integration/message-group-learner-recipient.integration.test.js","nesting":1,"testNumber":3,"durationMs":28.762173,"skip":false,"todo":false}
{"type":"test:pass","name":"recipient delivery uses the workflow owner configured timeout","file":"/mnt/data/continuation-20261010/repo/test/integration/message-group-learner-recipient.integration.test.js","nesting":1,"testNumber":4,"durationMs":26.622953,"skip":false,"todo":false}
{"type":"test:pass","name":"shutdown after native delivery prevents a new recording submission","file":"/mnt/data/continuation-20261010/repo/test/integration/message-group-learner-recipient.integration.test.js","nesting":1,"testNumber":5,"durationMs":31.667304,"skip":false,"todo":false}
{"type":"test:pass","name":"fence-turnover after native delivery prevents a new recording submission","file":"/mnt/data/continuation-20261010/repo/test/integration/message-group-learner-recipient.integration.test.js","nesting":1,"testNumber":6,"durationMs":28.733079,"skip":false,"todo":false}
{"type":"test:pass","name":"owner invalidation during write backoff prevents resubmission","file":"/mnt/data/continuation-20261010/repo/test/integration/message-group-learner-recipient.integration.test.js","nesting":1,"testNumber":7,"durationMs":29.68569,"skip":false,"todo":false}
{"type":"test:pass","name":"recording enters the existing retained operation lane before reading","file":"/mnt/data/continuation-20261010/repo/test/integration/message-group-learner-recipient.integration.test.js","nesting":1,"testNumber":8,"durationMs":28.045347,"skip":false,"todo":false}
{"type":"test:pass","name":"learner driver invocation is fenced through its submission boundary","file":"/mnt/data/continuation-20261010/repo/test/integration/message-group-learner-recipient.integration.test.js","nesting":0,"testNumber":2,"durationMs":236.478317,"skip":false,"todo":false}
{"type":"test:pass","name":"queued recording snapshots encoded request and recipient without invoking accessors","file":"/mnt/data/continuation-20261010/repo/test/integration/message-group-learner-recipient.integration.test.js","nesting":1,"testNumber":1,"durationMs":30.314204,"skip":false,"todo":false}
{"type":"test:pass","name":"an already-submitted write stays UNKNOWN after invocation retirement","file":"/mnt/data/continuation-20261010/repo/test/integration/message-group-learner-recipient.integration.test.js","nesting":1,"testNumber":2,"durationMs":31.761405,"skip":false,"todo":false}
{"type":"test:pass","name":"a synchronous submission guard adds no extra microtask or wire authority","file":"/mnt/data/continuation-20261010/repo/test/integration/message-group-learner-recipient.integration.test.js","nesting":1,"testNumber":3,"durationMs":24.484533,"skip":false,"todo":false}
{"type":"test:pass","name":"asynchronous existing admission still settles before a mutation attempt","file":"/mnt/data/continuation-20261010/repo/test/integration/message-group-learner-recipient.integration.test.js","nesting":1,"testNumber":4,"durationMs":24.111363,"skip":false,"todo":false}
{"type":"test:pass","name":"the owned learner command preserves submission and uncertainty boundaries","file":"/mnt/data/continuation-20261010/repo/test/integration/message-group-learner-recipient.integration.test.js","nesting":0,"testNumber":3,"durationMs":111.149411,"skip":false,"todo":false}
{"type":"test:pass","name":"lease-expiry after submission permits only the exact late receipt","file":"/mnt/data/continuation-20261010/repo/test/integration/message-group-learner-recipient.integration.test.js","nesting":1,"testNumber":1,"durationMs":28.916925,"skip":false,"todo":false}
{"type":"test:pass","name":"canonical-boot-revocation after submission permits only the exact late receipt","file":"/mnt/data/continuation-20261010/repo/test/integration/message-group-learner-recipient.integration.test.js","nesting":1,"testNumber":2,"durationMs":28.794052,"skip":false,"todo":false}
{"type":"test:pass","name":"receipt-first then holder takeover recovers without rewriting the action","file":"/mnt/data/continuation-20261010/repo/test/integration/message-group-learner-recipient.integration.test.js","nesting":1,"testNumber":3,"durationMs":29.367873,"skip":false,"todo":false}
{"type":"test:pass","name":"claim-first defeats the stale receipt and the successor still makes progress","file":"/mnt/data/continuation-20261010/repo/test/integration/message-group-learner-recipient.integration.test.js","nesting":1,"testNumber":4,"durationMs":32.2704,"skip":false,"todo":false}
{"type":"test:pass","name":"lease-expiry during retry backoff prevents a NEW receipt submission","file":"/mnt/data/continuation-20261010/repo/test/integration/message-group-learner-recipient.integration.test.js","nesting":1,"testNumber":5,"durationMs":28.070976,"skip":false,"todo":false}
{"type":"test:pass","name":"canonical-boot-revocation during retry backoff prevents a NEW receipt submission","file":"/mnt/data/continuation-20261010/repo/test/integration/message-group-learner-recipient.integration.test.js","nesting":1,"testNumber":6,"durationMs":26.003493,"skip":false,"todo":false}
{"type":"test:pass","name":"safety-first historical recording remains separate from permission for a next effect","file":"/mnt/data/continuation-20261010/repo/test/integration/message-group-learner-recipient.integration.test.js","nesting":0,"testNumber":4,"durationMs":174.112082,"skip":false,"todo":false}
{"type":"test:summary","file":"/mnt/data/continuation-20261010/repo/test/integration/message-group-learner-recipient.integration.test.js","success":true,"counts":{"tests":30,"failed":0,"passed":30,"cancelled":0,"skipped":0,"todo":0,"topLevel":4,"suites":0},"durationMs":904.428868}
{"type":"test:diagnostic","nesting":0,"message":"tests 30"}
{"type":"test:diagnostic","nesting":0,"message":"suites 0"}
{"type":"test:diagnostic","nesting":0,"message":"pass 30"}
{"type":"test:diagnostic","nesting":0,"message":"fail 0"}
{"type":"test:diagnostic","nesting":0,"message":"cancelled 0"}
{"type":"test:diagnostic","nesting":0,"message":"skipped 0"}
{"type":"test:diagnostic","nesting":0,"message":"todo 0"}
{"type":"test:diagnostic","nesting":0,"message":"duration_ms 1442.713383"}
{"type":"test:summary","file":null,"success":true,"counts":{"tests":30,"failed":0,"passed":30,"cancelled":0,"skipped":0,"todo":0,"topLevel":4,"suites":0},"durationMs":1442.713383}
